2023-07-11 10:54:28.058   956-1954  BufferPoolAccessor2.0   media.swcodec                        D  Destruction - bufferpool2 0xb400007231315d48 cached: 0/0M, 0/0% in use; allocs: 15, 67% recycled; transfers: 14, 57% unfetched
2023-07-11 10:54:28.058   822-822   vendor.goo...ice-vendor ven...e.wifi_ext@1.0-service-vendor  D  Dead callback removed from list
2023-07-11 10:54:28.058   956-1954  BufferPoolAccessor2.0   media.swcodec                        D  bufferpool2 0xb40000723130d978 : 0(0 size) total buffers - 0(0 size) used buffers - 3/5 (recycle/alloc) - 2/4 (fetch/transfer)
2023-07-11 10:54:28.058   822-822   vendor.goo...ice-vendor ven...e.wifi_ext@1.0-service-vendor  D  Dead callback removed from list
2023-07-11 10:54:28.058   956-1954  BufferPoolAccessor2.0   media.swcodec                        D  Destruction - bufferpool2 0xb40000723130d978 cached: 0/0M, 0/0% in use; allocs: 5, 60% recycled; transfers: 4, 50% unfetched
2023-07-11 10:54:28.058   822-822   vendor.goo...ice-vendor ven...e.wifi_ext@1.0-service-vendor  D  Dead callback removed from list
2023-07-11 10:54:28.059   956-1954  BufferPoolAccessor2.0   media.swcodec                        D  bufferpool2 0xb400007231317b58 : 0(0 size) total buffers - 0(0 size) used buffers - 10/14 (recycle/alloc) - 4/13 (fetch/transfer)
2023-07-11 10:54:28.059   956-1954  BufferPoolAccessor2.0   media.swcodec                        D  Destruction - bufferpool2 0xb400007231317b58 cached: 0/0M, 0/0% in use; allocs: 14, 71% recycled; transfers: 13, 69% unfetched
2023-07-11 10:54:28.059   956-27262 BufferPoolAccessor2.0   media.swcodec                        D  bufferpool2 0xb40000723130f538 : 0(0 size) total buffers - 0(0 size) used buffers - 16/19 (recycle/alloc) - 3/18 (fetch/transfer)
2023-07-11 10:54:28.059   956-1954  BufferPoolAccessor2.0   media.swcodec                        D  bufferpool2 0xb400007231316688 : 0(0 size) total buffers - 0(0 size) used buffers - 11/15 (recycle/alloc) - 4/14 (fetch/transfer)
2023-07-11 10:54:28.059   956-27262 BufferPoolAccessor2.0   media.swcodec                        D  Destruction - bufferpool2 0xb40000723130f538 cached: 0/0M, 0/0% in use; allocs: 19, 84% recycled; transfers: 18, 83% unfetched
2023-07-11 10:54:28.059   956-1954  BufferPoolAccessor2.0   media.swcodec                        D  Destruction - bufferpool2 0xb400007231316688 cached: 0/0M, 0/0% in use; allocs: 15, 73% recycled; transfers: 14, 71% unfetched
2023-07-11 10:54:28.059   956-1954  BufferPoolAccessor2.0   media.swcodec                        D  bufferpool2 0xb400007231312f08 : 0(0 size) total buffers - 0(0 size) used buffers - 21/25 (recycle/alloc) - 4/24 (fetch/transfer)
2023-07-11 10:54:28.059   956-1954  BufferPoolAccessor2.0   media.swcodec                        D  Destruction - bufferpool2 0xb400007231312f08 cached: 0/0M, 0/0% in use; allocs: 25, 84% recycled; transfers: 24, 83% unfetched
2023-07-11 10:54:28.060 20947-20996 AudioFlinger            audioserver                          W  power manager service died !!!
2023-07-11 10:54:28.060 20947-20996 AudioFlinger            audioserver                          W  power manager service died !!!
2023-07-11 10:54:28.060 20947-20996 AudioFlinger            audioserver                          W  power manager service died !!!
2023-07-11 10:54:28.060 20947-20996 AudioFlinger            audioserver                          W  power manager service died !!!
2023-07-11 10:54:28.060 20947-20996 AudioFlinger            audioserver                          W  power manager service died !!!
2023-07-11 10:54:28.060 20947-20996 AudioFlinger            audioserver                          W  power manager service died !!!
2023-07-11 10:54:28.060 20947-20996 AudioFlinger            audioserver                          W  power manager service died !!!
2023-07-11 10:54:28.061 20950-20950 IPCThreadState          netd                                 E  attemptIncStrongHandle(6): Not supported
2023-07-11 10:54:28.061 21902-26918 GameService             com.google.android.gms.persistent    W  System service binder died. Shutting down
2023-07-11 10:54:28.061 21265-21265 wpa_supplicant          wpa_supplicant                       E  Client died. Terminating...
2023-07-11 10:54:28.062 21265-21265 wpa_supplicant          wpa_supplicant                       E  unlinkToDeath: removed reference to death recipient but unlink failed.
2023-07-11 10:54:28.062 21902-21902 GameService             com.google.android.gms.persistent    I  onDisconnected [CONTEXT service_id=311 ]
2023-07-11 10:54:28.064 20946-20946 Zygote                  zygote64                             E  Zygote failed to write to system_server FD: Connection refused
2023-07-11 10:54:28.064 20946-20946 Zygote                  zygote64                             I  Process 21073 exited due to signal 9 (Killed)
2023-07-11 10:54:28.064 20946-20946 Zygote                  zygote64                             E  Exit zygote because system server (pid 21073) has terminated
2023-07-11 10:54:28.064   752-2399  IPCThreadState          statsd                               E  attemptIncStrongHandle(15): Not supported
2023-07-11 10:54:28.066 21795-21809 Sensors                 com...le.android.apps.nexuslauncher  W  sensorservice died [0xb40000776a4adbd0]
2023-07-11 10:54:28.066 22812-22882 Sensors                 com...d.googlequicksearchbox:search  W  sensorservice died [0xb40000776a4d8680]
2023-07-11 10:54:28.066 21393-26434 Sensors                 com.android.hbmsvmanager             W  sensorservice died [0xb40000776a4af750]
2023-07-11 10:54:28.066 21604-21627 Sensors                 com.android.settings                 W  sensorservice died [0xb40000776a4bf920]
2023-07-11 10:54:28.066 22515-23725 Sensors                 com...oglequicksearchbox:interactor  W  sensorservice died [0xb40000776a4afc20]
2023-07-11 10:54:28.066 21902-26918 Sensors                 com.google.android.gms.persistent    W  sensorservice died [0xb40000776a4c14a0]
2023-07-11 10:54:28.066 21902-26918 Sensors                 com.google.android.gms.persistent    W  sensorservice died [0xb40000776a4c14a0]
2023-07-11 10:54:28.066 22472-22505 Sensors                 com.google.android.as                W  sensorservice died [0xb40000776a4c5800]
2023-07-11 10:54:28.066 23053-23505 Sensors                 com.google.android.apps.scone        W  sensorservice died [0xb40000776a4aec50]
2023-07-11 10:54:28.066 24376-26546 Sensors                 com.google.android.GoogleCamera      W  sensorservice died [0xb40000776a4bb720]
2023-07-11 10:54:28.066 21280-22531 Sensors                 com.android.systemui                 W  sensorservice died [0xb40000776a4b2e50]
2023-07-11 10:54:28.066 22780-22806 Sensors                 com.google.android.apps.dreamliner   W  sensorservice died [0xb40000776a4aed00]
2023-07-11 10:54:28.066 20950-27180 netd                    netd                                 E  unlinkToDeath: removed reference to death recipient but unlink failed.
2023-07-11 10:54:28.067 22153-22168 Sensors                 com.google.android.apps.wellbeing    W  sensorservice died [0xb40000776a4ad7b0]
2023-07-11 10:54:28.068   752-2399  statsd                  statsd                               W  statscompanion service died
2023-07-11 10:54:28.068   752-2399  statsd                  statsd                               W  Reset statsd upon system server restarts.
2023-07-11 10:54:28.068   752-2399  IPCThreadState          statsd                               E  attemptIncStrongHandle(115): Not supported
2023-07-11 10:54:28.069   785-785   android.ha...vice.gs201 and...hardware.health-service.gs201  E  unlinkToDeath: removed reference to death recipient but unlink failed.
2023-07-11 10:54:28.069   785-785   IPCThreadState          and...hardware.health-service.gs201  E  attemptIncStrongHandle(2): Not supported
2023-07-11 10:54:28.069 22515-23725 VoiceInteractionService com...oglequicksearchbox:interactor  E  system service binder died shutting down
2023-07-11 10:54:28.070 22515-22515 GsaVoiceInteractionSrv  com...oglequicksearchbox:interactor  I  onShutdown
2023-07-11 10:54:28.070 22515-22515 VIS.ServiceLifecycle    com...oglequicksearchbox:interactor  I  #onShutdown()
2023-07-11 10:54:28.071 22515-22515 VIS.ServiceLifecycle    com...oglequicksearchbox:interactor  I  (REDACTED) Running action(%s) over listeners(%s).
2023-07-11 10:54:28.072 22515-22515 VIS.ServiceLifecycle    com...oglequicksearchbox:interactor  I  (REDACTED) Done action(%s) over listeners(%s).
2023-07-11 10:54:28.075 22515-23106 TRG.HotwordSource       com...oglequicksearchbox:interactor  I  HDM invocation source is disabled.
2023-07-11 10:54:28.076 22515-23106 TRG.SourceDefinitions   com...oglequicksearchbox:interactor  I  (REDACTED) Enabled invocation sources: %s.
2023-07-11 10:54:28.078 22515-23099 TRG.SourceDefinitions   com...oglequicksearchbox:interactor  I  (REDACTED) Enabled invocation sources: %s.
2023-07-11 10:54:28.079 22515-22515 AndroidRuntime          com...oglequicksearchbox:interactor  D  Shutting down VM
