2023-07-06 15:08:37.263 22921-23542 VoiceInteractionService com...oglequicksearchbox:interactor  E  system service binder died shutting down
2023-07-06 15:08:37.263 21688-21957 CaptureStateNotifier    audioserver                          I  Listener binder died
2023-07-06 15:08:37.263   788-788   android.ha...ce.generic and...re.contexthub-service.generic  I  Context Hub Service died ...
2023-07-06 15:08:37.263   788-788   IPCThreadState          and...re.contexthub-service.generic  E  attemptIncStrongHandle(1): Not supported
2023-07-06 15:08:37.263   830-830   qorvo.uwb.hal.UwbChip   android.hardware.qorvo.uwb.service   I  close
2023-07-06 15:08:37.263   830-830   qorvo.uwb....AndroidCCC android.hardware.qorvo.uwb.service   I  Reset
2023-07-06 15:08:37.263   830-830   qorvo.uwb....AndroidCCC android.hardware.qorvo.uwb.service   I  OnSessionDeinit
2023-07-06 15:08:37.263   830-830   qorvo.uwb.hal.UwbChip   android.hardware.qorvo.uwb.service   I  onResetDone
2023-07-06 15:08:37.263   830-830   qorvo.uwb.hal.UwbChip   android.hardware.qorvo.uwb.service   I  closeBackends
2023-07-06 15:08:37.263   830-830   qorvo.uwb....cCallbacks android.hardware.qorvo.uwb.service   I  resetBackend Reset service from backend
2023-07-06 15:08:37.263   830-830   qorvo.uwb....ckend_fira android.hardware.qorvo.uwb.service   I  state_notification_with_code: MT/GID/OID 6102 NTF 1 (0)
2023-07-06 15:08:37.263 22453-24488 Sensors                 com...le.android.apps.nexuslauncher  W  sensorservice died [0xb400007a448d1fc0]
2023-07-06 15:08:37.263 22150-22172 Sensors                 com.android.hbmsvmanager             W  sensorservice died [0xb400007a448d10a0]
2023-07-06 15:08:37.263   765-1765  statsd                  statsd                               W  statscompanion service died
2023-07-06 15:08:37.263   765-1765  statsd                  statsd                               W  Reset statsd upon system server restarts.
2023-07-06 15:08:37.264   830-830   qorvo.uwb....AndroidCCC android.hardware.qorvo.uwb.service   I  ~UciBackendAndroidCCC
2023-07-06 15:08:37.264   830-830   qorvo.uwb....AndroidCCC android.hardware.qorvo.uwb.service   I  ResetController
2023-07-06 15:08:37.264   830-830   qorvo.uwb.hal.UwbMac    android.hardware.qorvo.uwb.service   I  void hardware::qorvo::NfccCoex::Reset()
2023-07-06 15:08:37.264   830-830   qorvo.uwb.hal.UwbMac    android.hardware.qorvo.uwb.service   I  int hardware::qorvo::NfccCoex::RangingStop()
2023-07-06 15:08:37.264   830-830   qorvo.uwb.hal.UwbMac    android.hardware.qorvo.uwb.service   I  int hardware::qorvo::NfccCoex::SessionDeinit()
2023-07-06 15:08:37.264   830-830   qorvo.uwb.hal.UwbMac    android.hardware.qorvo.uwb.service   I  hardware::qorvo::NfccCoex::~NfccCoex()
2023-07-06 15:08:37.264   830-830   qorvo.uwb.hal.UwbMac    android.hardware.qorvo.uwb.service   I  void hardware::qorvo::NfccCoex::Reset()
2023-07-06 15:08:37.264   830-830   qorvo.uwb.hal.UwbMac    android.hardware.qorvo.uwb.service   I  int hardware::qorvo::NfccCoex::RangingStop()
2023-07-06 15:08:37.264   830-830   qorvo.uwb.hal.UwbMac    android.hardware.qorvo.uwb.service   I  int hardware::qorvo::NfccCoex::SessionDeinit()
2023-07-06 15:08:37.264   830-830   qorvo.uwb.hal.UwbMac    android.hardware.qorvo.uwb.service   I  hardware::qorvo::NfccCoex::~NfccCoex() helper_close
2023-07-06 15:08:37.264 23343-23360 Sensors                 com...d.googlequicksearchbox:search  W  sensorservice died [0xb400007a4490e0e0]
2023-07-06 15:08:37.264   765-1765  IPCThreadState          statsd                               E  attemptIncStrongHandle(92): Not supported
2023-07-06 15:08:37.264 25516-27466 Sensors                 com.google.android.GoogleCamera      W  sensorservice died [0xb400007a448df220]
2023-07-06 15:08:37.264 22921-23542 Sensors                 com...oglequicksearchbox:interactor  W  sensorservice died [0xb400007a448d46f0]
2023-07-06 15:08:37.264 22921-22921 GsaVoiceInteractionSrv  com...oglequicksearchbox:interactor  I  onShutdown
2023-07-06 15:08:37.264 23216-27349 Sensors                 com.google.android.apps.dreamliner   W  sensorservice died [0xb400007a448d1a40]
2023-07-06 15:08:37.265 22675-24062 Sensors                 com.google.android.gms.persistent    W  sensorservice died [0xb400007a448d94a0]
2023-07-06 15:08:37.266 22921-22921 VIS.ServiceLifecycle    com...oglequicksearchbox:interactor  I  #onShutdown()
2023-07-06 15:08:37.266 22675-24062 Sensors                 com.google.android.gms.persistent    W  sensorservice died [0xb400007a448d94a0]
2023-07-06 15:08:37.267 22900-22919 Sensors                 com.google.android.as                W  sensorservice died [0xb400007a448d63d0]
2023-07-06 15:08:37.267 22921-22921 VIS.ServiceLifecycle    com...oglequicksearchbox:interactor  I  (REDACTED) Running action(%s) over listeners(%s).
2023-07-06 15:08:37.267 22002-27806 Sensors                 com.android.systemui                 W  sensorservice died [0xb400007a448d8f20]
2023-07-06 15:08:37.267 24311-24334 Sensors                 com.google.android.apps.scone        W  sensorservice died [0xb400007a448d4c70]
2023-07-06 15:08:37.267 22342-22431 Sensors                 com.android.settings                 W  sensorservice died [0xb400007a448df170]
2023-07-06 15:08:37.268 22921-22921 VIS.ServiceLifecycle    com...oglequicksearchbox:interactor  I  (REDACTED) Done action(%s) over listeners(%s).
2023-07-06 15:08:37.269 22921-22921 AndroidRuntime          com...oglequicksearchbox:interactor  D  Shutting down VM
2023-07-06 15:08:37.270 22921-23476 ApaPinning              com...oglequicksearchbox:interactor  I  (REDACTED) Running '%s' over %s.
2023-07-06 15:08:37.270 22921-22921 AndroidRuntime          com...oglequicksearchbox:interactor  E  FATAL EXCEPTION: main
                                                                                                    Process: com.google.android.googlequicksearchbox:interactor, PID: 22921
                                                                                                    DeadSystemException: The system died; earlier logs will point to the root cause
2023-07-06 15:08:37.270 22921-23476 ApaPinning              com...oglequicksearchbox:interactor  I  (REDACTED) Running '%s' over %s.
2023-07-06 15:08:37.271 22921-23476 ApaPinning              com...oglequicksearchbox:interactor  I  (REDACTED) Completed '%s' over %s: %s.
2023-07-06 15:08:37.271 22921-23476 ApaPinning              com...oglequicksearchbox:interactor  I  (REDACTED) Running '%s' over %s.
2023-07-06 15:08:37.271 22921-23476 ApaPinning              com...oglequicksearchbox:interactor  I  (REDACTED) Running '%s' over %s.
2023-07-06 15:08:37.271 22921-23476 Ma-Entry-T...ng-Pinning com...oglequicksearchbox:interactor  I  #onDestroy
2023-07-06 15:08:37.273   463-463   SurfaceFlinger          surfaceflinger                       D  Setting power mode 2 on display 4619827677550801152
2023-07-06 15:08:37.273   802-802   android.ha...vice.gs201 and...hardware.health-service.gs201  E  unlinkToDeath: removed reference to death recipient but unlink failed.
2023-07-06 15:08:37.273   802-802   IPCThreadState          and...hardware.health-service.gs201  E  attemptIncStrongHandle(2): Not supported
2023-07-06 15:08:37.273 22921-23476 Ma-Entry-T...ng-Pinning com...oglequicksearchbox:interactor  I  #disconnectAndStop - preventing double stop
2023-07-06 15:08:37.277 22921-23369 A                       com...oglequicksearchbox:interactor  I  #onDestroy
2023-07-06 15:08:37.277 22921-23476 Ma-fcf-A11...geNotifier com...oglequicksearchbox:interactor  I  #FCF: unsubscribe
2023-07-06 15:08:37.278 22921-22921 trace_manager           com...oglequicksearchbox:interactor  I  The following traces were active when the app crashed:
2023-07-06 15:08:37.278 22921-23476 A11yListener            com...oglequicksearchbox:interactor  I  #close: Stop listening
2023-07-06 15:08:37.280 22921-23476 ApaPinning              com...oglequicksearchbox:interactor  I  (REDACTED) Completed '%s' over %s: %s.
2023-07-06 15:08:37.282 22921-22921 trace_manager           com...oglequicksearchbox:interactor  I  Trace: 0
2023-07-06 15:08:37.282 22921-22921 trace_manager           com...oglequicksearchbox:interactor  I  000000	ApaVoiceInteractionService#onShutdown > 0 ms
2023-07-06 15:08:37.282 22921-22921 trace_manager           com...oglequicksearchbox:interactor  I  000000	ApaVoiceInteractionService#onShutdown > VoiceInteractionServiceLifecycleCallbacks#onShutdown > 2 ms
2023-07-06 15:08:37.282 22921-22921 trace_manager           com...oglequicksearchbox:interactor  I  Trace: 1
2023-07-06 15:08:37.283 22921-23532 ApaPinning              com...oglequicksearchbox:interactor  I  (REDACTED) Completed '%s' over %s: %s.
2023-07-06 15:08:37.285 22921-22921 trace_manager           com...oglequicksearchbox:interactor  I  000000	ApaVoiceInteractionService#onReady > 0 ms
2023-07-06 15:08:37.285 22921-22921 trace_manager           com...oglequicksearchbox:interactor  I  000000	ApaVoiceInteractionService#onReady > VoiceInteractionServiceLifecycleCallbacks#onReady > 13 ms
2023-07-06 15:08:37.285 22921-22921 trace_manager           com...oglequicksearchbox:interactor  I  000217	ApaVoiceInteractionService#onReady > VoiceInteractionServiceLifecycleCallbacks#onReady > Get Account > 3 ms
2023-07-06 15:08:37.285 22921-22921 trace_manager           com...oglequicksearchbox:interactor  I  000217	ApaVoiceInteractionService#onReady > VoiceInteractionServiceLifecycleCallbacks#onReady > Get Account > Initialize Account > 0 ms
2023-07-06 15:08:37.285 22921-22921 trace_manager           com...oglequicksearchbox:interactor  I  000220	ApaVoiceInteractionService#onReady > VoiceInteractionServiceLifecycleCallbacks#onReady > Get Account > Read Account > 0 ms
2023-07-06 15:08:37.285 22921-22921 trace_manager           com...oglequicksearchbox:interactor  I  000221	ApaVoiceInteractionService#onReady > VoiceInteractionServiceLifecycleCallbacks#onReady > Get AccountSyncData > 2 ms
2023-07-06 15:08:37.285 22921-22921 trace_manager           com...oglequicksearchbox:interactor  I  000221	ApaVoiceInteractionService#onReady > VoiceInteractionServiceLifecycleCallbacks#onReady > Get AccountSyncData > Initialize AccountSyncData > 1 ms
2023-07-06 15:08:37.285 22921-22921 trace_manager           com...oglequicksearchbox:interactor  I  000222	ApaVoiceInteractionService#onReady > VoiceInteractionServiceLifecycleCallbacks#onReady > Get AccountSyncData > Initialize AccountSyncData > Read AccountSyncData > 0 ms
2023-07-06 15:08:37.285 22921-22921 trace_manager           com...oglequicksearchbox:interactor  I  000223	ApaVoiceInteractionService#onReady > VoiceInteractionServiceLifecycleCallbacks#onReady > Get AccountData > 401 ms
2023-07-06 15:08:37.285 22921-22921 trace_manager           com...oglequicksearchbox:interactor  I  000223	ApaVoiceInteractionService#onReady > VoiceInteractionServiceLifecycleCallbacks#onReady > Get AccountData > Initialize AccountData > 398 ms
2023-07-06 15:08:37.285 22921-22921 trace_manager           com...oglequicksearchbox:interactor  I  000223	ApaVoiceInteractionService#onReady > VoiceInteractionServiceLifecycleCallbacks#onReady > Get AccountData > Initialize AccountData > Get TikTokAccountStoreMigration > 0 ms
2023-07-06 15:08:37.285 22921-22921 trace_manager           com...oglequicksearchbox:interactor  I  000223	ApaVoiceInteractionService#onReady > VoiceInteractionServiceLifecycleCallbacks#onReady > Get AccountData > Initialize AccountData > Get TikTokAccountStoreMigration > Initialize TikTokAccountStoreMigration > 0 ms
2023-07-06 15:08:37.285 22921-22921 trace_manager           com...oglequicksearchbox:interactor  I  000223	ApaVoiceInteractionService#onReady > VoiceInteractionServiceLifecycleCallbacks#onReady > Get AccountSyncData > Read AccountSyncData > 0 ms
2023-07-06 15:08:37.285 22921-22921 trace_manager           com...oglequicksearchbox:interactor  I  000224	ApaVoiceInteractionService#onReady > VoiceInteractionServiceLifecycleCallbacks#onReady > Get AccountData > Initialize AccountData > Get TikTokAccountStoreMigration > Read TikTokAccountStoreMigration > 0 ms
2023-07-06 15:08:37.285 22921-22921 trace_manager           com...oglequicksearchbox:interactor  I  000385	ApaVoiceInteractionService#onReady > VoiceInteractionServiceLifecycleCallbacks#onReady > Get AccountData > Initialize AccountData > Read AccountData > 61 ms
2023-07-06 15:08:37.285 22921-22921 trace_manager           com...oglequicksearchbox:interactor  I  000447	ApaVoiceInteractionService#onReady > VoiceInteractionServiceLifecycleCallbacks#onReady > Get AccountData > Initialize AccountData > Read AccountData > 174 ms
2023-07-06 15:08:37.285 22921-22921 trace_manager           com...oglequicksearchbox:interactor  I  000622	ApaVoiceInteractionService#onReady > VoiceInteractionServiceLifecycleCallbacks#onReady > Get AccountData > Read AccountData > 2 ms
2023-07-06 15:08:37.285 22921-22921 trace_manager           com...oglequicksearchbox:interactor  I  000664	ApaVoiceInteractionService#onReady > VoiceInteractionServiceLifecycleCallbacks#onReady > onServiceConnected > 0 ms
2023-07-06 15:08:37.285 22921-22921 trace_manager           com...oglequicksearchbox:interactor  I  000684	ApaVoiceInteractionService#onReady > VoiceInteractionServiceLifecycleCallbacks#onReady > unbind > 2 ms
2023-07-06 15:08:37.285 22921-22921 trace_manager           com...oglequicksearchbox:interactor  I  000740	ApaVoiceInteractionService#onReady > VoiceInteractionServiceLifecycleCallbacks#onReady > Blocking for: googledata.experiments.mobile.assistant.client_packages.component.assistant_tng_interactor.device > 4 ms
2023-07-06 15:08:37.285 22921-22921 trace_manager           com...oglequicksearchbox:interactor  I  000740	ApaVoiceInteractionService#onReady > VoiceInteractionServiceLifecycleCallbacks#onReady > Blocking for: googledata.experiments.mobile.assistant.client_packages.component.assistant_tng_interactor.device > Get googledata.experiments.mobile.assistant.client_packages.component.assistant_tng_interactor.device#com.google.android.googlequicksearchbox > 2 ms
2023-07-06 15:08:37.285 22921-22921 trace_manager           com...oglequicksearchbox:interactor  I  000741	ApaVoiceInteractionService#onReady > VoiceInteractionServiceLifecycleCallbacks#onReady > Blocking for: googledata.experiments.mobile.assistant.client_packages.component.assistant_tng_interactor.device > Get googledata.experiments.mobile.assistant.client_packages.component.assistant_tng_interactor.device#com.google.android.googlequicksearchbox > Initialize googledata.experiments.mobile.assistant.client_packages.component.assistant_tng_interactor.device#com.google.android.googlequicksearchbox > 1 ms
2023-07-06 15:08:37.285 22921-22921 trace_manager           com...oglequicksearchbox:interactor  I  000742	ApaVoiceInteractionService#onReady > VoiceInteractionServiceLifecycleCallbacks#onReady > Blocking for: googledata.experiments.mobile.assistant.client_packages.component.assistant_tng_interactor.device > Get googledata.experiments.mobile.assistant.client_packages.component.assistant_tng_interactor.device#com.google.android.googlequicksearchbox > Read googledata.experiments.mobile.assistant.client_packages.component.assistant_tng_interactor.device#com.google.android.googlequicksearchbox > 0 ms
2023-07-06 15:08:37.285 22921-22921 trace_manager           com...oglequicksearchbox:interactor  I  000759	ApaVoiceInteractionService#onReady > VoiceInteractionServiceLifecycleCallbacks#onReady > Blocking for: com.google.android.apps.search.assistant.device > 146 ms
2023-07-06 15:08:37.285 22921-22921 trace_manager           com...oglequicksearchbox:interactor  I  000760	ApaVoiceInteractionService#onReady > VoiceInteractionServiceLifecycleCallbacks#onReady > Blocking for: com.google.android.apps.search.assistant.device > Get com.google.android.apps.search.assistant.device#com.google.android.googlequicksearchbox > 24 ms
2023-07-06 15:08:37.285 22921-22921 trace_manager           com...oglequicksearchbox:interactor  I  000760	ApaVoiceInteractionService#onReady > VoiceInteractionServiceLifecycleCallbacks#onReady > Blocking for: com.google.android.apps.search.assistant.device > Get com.google.android.apps.search.assistant.device#com.google.android.googlequicksearchbox > Initialize com.google.android.apps.search.assistant.device#com.google.android.googlequicksearchbox > 2 ms
2023-07-06 15:08:37.285 22921-22921 trace_manager           com...oglequicksearchbox:interactor  I  000763	ApaVoiceInteractionService#onReady > VoiceInteractionServiceLifecycleCallbacks#onReady > Blocking for: com.google.android.apps.search.assistant.device > Get com.google.android.apps.search.assistant.device#com.google.android.googlequicksearchbox > Read com.google.android.apps.search.assistant.device#com.google.android.googlequicksearchbox > 20 ms
2023-07-06 15:08:37.285 22921-22921 trace_manager           com...oglequicksearchbox:interactor  I  000924	ApaVoiceInteractionService#onReady > VoiceInteractionServiceLifecycleCallbacks#onReady > Blocking for: com.google.android.apps.search.assistant.user > 157 ms
2023-07-06 15:08:37.285 22921-22921 trace_manager           com...oglequicksearchbox:interactor  I  000924	ApaVoiceInteractionService#onReady > VoiceInteractionServiceLifecycleCallbacks#onReady > Blocking for: com.google.android.apps.search.assistant.user > Get com.google.android.apps.search.assistant.user#com.google.android.googlequicksearchbox > 7 ms
2023-07-06 15:08:37.285 22921-22921 trace_manager           com...oglequicksearchbox:interactor  I  000924	ApaVoiceInteractionService#onReady > VoiceInteractionServiceLifecycleCallbacks#onReady > Blocking for: com.google.android.apps.search.assistant.user > Get com.google.android.apps.search.assistant.user#com.google.android.googlequicksearchbox > Initialize com.google.android.apps.search.assistant.user#com.google.android.googlequicksearchbox > 1 ms
2023-07-06 15:08:37.285 22921-22921 trace_manager           com...oglequicksearchbox:interactor  I  000926	ApaVoiceInteractionService#onReady > VoiceInteractionServiceLifecycleCallbacks#onReady > Blocking for: com.google.android.apps.search.assistant.user > Get com.google.android.apps.search.assistant.user#com.google.android.googlequicksearchbox > Read com.google.android.apps.search.assistant.user#com.google.android.googlequicksearchbox > 5 ms
2023-07-06 15:08:37.285 22921-22921 trace_manager           com...oglequicksearchbox:interactor  I  001083	ApaVoiceInteractionService#onReady > VoiceInteractionServiceLifecycleCallbacks#onReady > Get primary search account > 1 ms
2023-07-06 15:08:37.285 22921-22921 trace_manager           com...oglequicksearchbox:interactor  I  001124	ApaVoiceInteractionService#onReady > VoiceInteractionServiceLifecycleCallbacks#onReady > Blocking for: com.google.android.apps.search.assistant.mobile.interactor.user > 1 ms
2023-07-06 15:08:37.285 22921-22921 trace_manager           com...oglequicksearchbox:interactor  I  001124	ApaVoiceInteractionService#onReady > VoiceInteractionServiceLifecycleCallbacks#onReady > Blocking for: com.google.android.apps.search.assistant.mobile.interactor.user > Get com.google.android.apps.search.assistant.mobile.interactor.user#com.google.android.googlequicksearchbox > 1 ms
2023-07-06 15:08:37.285 22921-22921 trace_manager           com...oglequicksearchbox:interactor  I  001124	ApaVoiceInteractionService#onReady > VoiceInteractionServiceLifecycleCallbacks#onReady > Blocking for: com.google.android.apps.search.assistant.mobile.interactor.user > Get com.google.android.apps.search.assistant.mobile.interactor.user#com.google.android.googlequicksearchbox > Initialize com.google.android.apps.search.assistant.mobile.interactor.user#com.google.android.googlequicksearchbox > 0 ms
2023-07-06 15:08:37.285 22921-22921 trace_manager           com...oglequicksearchbox:interactor  I  001125	ApaVoiceInteractionService#onReady > VoiceInteractionServiceLifecycleCallbacks#onReady > Blocking for: com.google.android.apps.search.assistant.mobile.interactor.user > Get com.google.android.apps.search.assistant.mobile.interactor.user#com.google.android.googlequicksearchbox > Read com.google.android.apps.search.assistant.mobile.interactor.user#com.google.android.googlequicksearchbox > 0 ms
2023-07-06 15:08:37.285 22921-22921 trace_manager           com...oglequicksearchbox:interactor  I  001173	ApaVoiceInteractionService#onReady > VoiceInteractionServiceLifecycleCallbacks#onReady > Get ClassicFlagsData > 98 ms
2023-07-06 15:08:37.285 22921-22921 trace_manager           com...oglequicksearchbox:interactor  I  001173	ApaVoiceInteractionService#onReady > VoiceInteractionServiceLifecycleCallbacks#onReady > Get ClassicFlagsData > Initialize ClassicFlagsData > 16 ms
2023-07-06 15:08:37.285 22921-22921 trace_manager           com...oglequicksearchbox:interactor  I  001188	ApaVoiceInteractionService#onReady > VoiceInteractionServiceLifecycleCallbacks#onReady > Get ClassicFlagsData > Initialize ClassicFlagsData > Read ClassicFlagsData > 0 ms
2023-07-06 15:08:37.285 22921-22921 trace_manager           com...oglequicksearchbox:interactor  I  001189	ApaVoiceInteractionService#onReady > VoiceInteractionServiceLifecycleCallbacks#onReady > Get ClassicFlagsData > Read ClassicFlagsData > 82 ms
2023-07-06 15:08:37.285 22921-22921 trace_manager           com...oglequicksearchbox:interactor  I  001227	ApaVoiceInteractionService#onReady > VoiceInteractionServiceLifecycleCallbacks#onReady > Blocking for: com.google.android.libraries.search.googleapp.user > 35 ms
2023-07-06 15:08:37.285 22921-22921 trace_manager           com...oglequicksearchbox:interactor  I  001228	ApaVoiceInteractionService#onReady > VoiceInteractionServiceLifecycleCallbacks#onReady > Blocking for: com.google.android.libraries.search.googleapp.user > Get com.google.android.libraries.search.googleapp.user#com.google.android.googlequicksearchbox > 2 ms
2023-07-06 15:08:37.285 22921-22921 trace_manager           com...oglequicksearchbox:interactor  I  001228	ApaVoiceInteractionService#onReady > VoiceInteractionServiceLifecycleCallbacks#onReady > Blocking for: com.google.android.libraries.search.googleapp.user > Get com.google.android.libraries.search.googleapp.user#com.google.android.googlequicksearchbox > Initialize com.google.android.libraries.search.googleapp.user#com.google.android.googlequicksearchbox > 0 ms
2023-07-06 15:08:37.285 22921-22921 trace_manager           com...oglequicksearchbox:interactor  I  001228	ApaVoiceInteractionService#onReady > VoiceInteractionServiceLifecycleCallbacks#onReady > Blocking for: com.google.android.libraries.search.googleapp.user > Get com.google.android.libraries.search.googleapp.user#com.google.android.googlequicksearchbox > Read com.google.android.libraries.search.googleapp.user#com.google.android.googlequicksearchbox > 2 ms
2023-07-06 15:08:37.285 22921-22921 trace_manager           com...oglequicksearchbox:interactor  I  001278	ApaVoiceInteractionService#onReady > VoiceInteractionServiceLifecycleCallbacks#onReady > Blocking for: com.google.android.apps.search.assistant.mobile.user > 3 ms
2023-07-06 15:08:37.285 22921-22921 trace_manager           com...oglequicksearchbox:interactor  I  001279	ApaVoiceInteractionService#onReady > VoiceInteractionServiceLifecycleCallbacks#onReady > Blocking for: com.google.android.apps.search.assistant.mobile.user > Get com.google.android.apps.search.assistant.mobile.user#com.google.android.googlequicksearchbox > 1 ms
2023-07-06 15:08:37.285 22921-22921 trace_manager           com...oglequicksearchbox:interactor  I  001279	ApaVoiceInteractionService#onReady > VoiceInteractionServiceLifecycleCallbacks#onReady > Blocking for: com.google.android.apps.search.assistant.mobile.user > Get com.google.android.apps.search.assistant.mobile.user#com.google.android.googlequicksearchbox > Initialize com.google.android.apps.search.assistant.mobile.user#com.google.android.googlequicksearchbox > 0 ms
2023-07-06 15:08:37.285 22921-22921 trace_manager           com...oglequicksearchbox:interactor  I  001279	ApaVoiceInteractionService#onReady > VoiceInteractionServiceLifecycleCallbacks#onReady > Blocking for: com.google.android.apps.search.assistant.mobile.user > Get com.google.android.apps.search.assistant.mobile.user#com.google.android.googlequicksearchbox > Read com.google.android.apps.search.assistant.mobile.user#com.google.android.googlequicksearchbox > 0 ms
2023-07-06 15:08:37.285 22921-22921 trace_manager           com...oglequicksearchbox:interactor  I  001302	ApaVoiceInteractionService#onReady > VoiceInteractionServiceLifecycleCallbacks#onReady > ApaPinning#onCreate > 1024 ms
2023-07-06 15:08:37.285 22921-22921 trace_manager           com...oglequicksearchbox:interactor  I  001304	ApaVoiceInteractionService#onReady > VoiceInteractionServiceLifecycleCallbacks#onReady > ApaPinning#onCreate > VoiceAssistantPinnedClient#onCreate > 1017 ms
2023-07-06 15:08:37.285 22921-22921 trace_manager           com...oglequicksearchbox:interactor  I  001343	ApaVoiceInteractionService#onReady > VoiceInteractionServiceLifecycleCallbacks#onReady > ApaPinning#onCreate > VoiceAssistantPinnedClient#onCreate > Get MobileLocaleSettingsProtoStore > 165 ms
2023-07-06 15:08:37.285 22921-22921 trace_manager           com...oglequicksearchbox:interactor  I  001343	ApaVoiceInteractionService#onReady > VoiceInteractionServiceLifecycleCallbacks#onReady > ApaPinning#onCreate > VoiceAssistantPinnedClient#onCreate > Get MobileLocaleSettingsProtoStore > Initialize MobileLocaleSettingsProtoStore > 163 ms
2023-07-06 15:08:37.285 22921-22921 trace_manager           com...oglequicksearchbox:interactor  I  001345	ApaVoiceInteractionService#onReady > VoiceInteractionServiceLifecycleCallbacks#onReady > ApaPinning#onCreate > VoiceAssistantPinnedClient#onCreate > Get MobileLocaleSettingsProtoStore > Initialize MobileLocaleSettingsProtoStore > Read MobileLocaleSettingsProtoStore > 0 ms
2023-07-06 15:08:37.285 22921-22921 trace_manager           com...oglequicksearchbox:interactor  I  001351	ApaVoiceInteractionService#onReady > VoiceInteractionServiceLifecycleCallbacks#onReady > ApaPinning#onCreate > VoiceAssistantPinnedClient#onCreate > Get MobileLocaleSettingsProtoStore > Initialize MobileLocaleSettingsProtoStore > Read MobileLocaleSettingsProtoStore > 21 ms
2023-07-06 15:08:37.285 22921-22921 trace_manager           com...oglequicksearchbox:interactor  I  001354	ApaVoiceInteractionService#onReady > VoiceInteractionServiceLifecycleCallbacks#onReady > ApaPinning#onCreate > VoiceAssistantPinnedClient#onCreate > getDataAsFuture > 52 ms
2023-07-06 15:08:37.285 22921-22921 trace_manager           com...oglequicksearchbox:interactor  I  001354	ApaVoiceInteractionService#onReady > VoiceInteractionServiceLifecycleCallbacks#onReady > ApaPinning#onCreate > VoiceAssistantPinnedClient#onCreate > getDataAsFuture > First load > 18 ms
2023-07-06 15:08:37.285 22921-22921 trace_manager           com...oglequicksearchbox:interactor  I  001507	ApaVoiceInteractionService#onReady > VoiceInteractionServiceLifecycleCallbacks#onReady > ApaPinning#onCreate > VoiceAssistantPinnedClient#onCreate > Get MobileLocaleSettingsProtoStore > Read MobileLocaleSettingsProtoStore > 0 ms
2023-07-06 15:08:37.285 22921-22921 trace_manager           com...oglequicksearchbox:interactor  I  002109	ApaVoiceInteractionService#onReady > VoiceInteractionServiceLifecycleCallbacks#onReady > Get primary search account > 0 ms
2023-07-06 15:08:37.285 22921-22921 trace_manager           com...oglequicksearchbox:interactor  I  002804	ApaVoiceInteractionService#onReady > VoiceInteractionServiceLifecycleCallbacks#onReady > Get primary search account > 1 ms
2023-07-06 15:08:37.285 22921-22921 trace_manager           com...oglequicksearchbox:interactor  I  003929	ApaVoiceInteractionService#onReady > VoiceInteractionServiceLifecycleCallbacks#onReady > Get primary search account > 2 ms
2023-07-06 15:08:37.285 22921-22921 trace_manager           com...oglequicksearchbox:interactor  I  149882	ApaVoiceInteractionService#onReady > VoiceInteractionServiceLifecycleCallbacks#onReady > ApaPinning#onDestroy > unfinished
2023-07-06 15:08:37.285 22921-22921 trace_manager           com...oglequicksearchbox:interactor  I  149884	ApaVoiceInteractionService#onReady > VoiceInteractionServiceLifecycleCallbacks#onReady > ApaPinning#onDestroy > VoiceAssistantPinnedClient#onDestroy > 7 ms
2023-07-06 15:08:37.287 22921-23532 ApaPinning              com...oglequicksearchbox:interactor  E  (REDACTED) Failure running %s for %s.
                                                                                                    DeadSystemException: The system died; earlier logs will point to the root cause
2023-07-06 15:08:37.287 22921-23532 ApaPinning              com...oglequicksearchbox:interactor  E  (REDACTED) Failure running %s for %s.
                                                                                                    DeadSystemException: The system died; earlier logs will point to the root cause
2023-07-06 15:08:37.287 22921-23532 ApaPinning              com...oglequicksearchbox:interactor  E  (REDACTED) Failure running %s for %s.
                                                                                                    DeadSystemException: The system died; earlier logs will point to the root cause
2023-07-06 15:08:37.288 22921-23107 AndroidRuntime          com...oglequicksearchbox:interactor  E  FATAL EXCEPTION: GoogleApiHandler
                                                                                                    Process: com.google.android.googlequicksearchbox:interactor, PID: 22921
                                                                                                    DeadSystemException: The system died; earlier logs will point to the root cause
2023-07-06 15:08:37.288 22921-22921 A                       com...oglequicksearchbox:interactor  W  Failed to get process stats.
                                                                                                    DeadSystemException: The system died; earlier logs will point to the root cause
2023-07-06 15:08:37.294 22921-22921 A                       com...oglequicksearchbox:interactor  W  Exception while getting crash metric extension!
                                                                                                    DeadSystemException: The system died; earlier logs will point to the root cause
2023-07-06 15:08:37.323  1017-1017  AOC                     aocd                                 D  A3:MSG: controller.cc, 273: CNTRL: cmd ID: 0x00cb, tag: 0x1e [cntr = 142]
2023-07-06 15:08:37.323  1017-1017  AOC                     aocd                                 D  A3:MSG: controller.cc, 811: CNTRL: ipc: uwb_service, cmd ID: 0x00cb, tag: 0x1e, rc: 0
2023-07-06 15:08:37.324  1017-1017  AOC                     aocd                                 D  A3:MSG: controller.cc, 273: CNTRL: cmd ID: 0x00cd, tag: 0x1f [cntr = 143]
2023-07-06 15:08:37.324  1017-1017  AOC                     aocd                                 D  A3:MSG: controller.cc, 811: CNTRL: ipc: uwb_service, cmd ID: 0x00cd, tag: 0x1f, rc: 0
2023-07-06 15:08:37.332 27995-27995 BootAnimation           pid-27995                            D  BootAnimationStartTiming start time: 766760ms
2023-07-06 15:08:37.332 27995-27995 BootAnimation           pid-27995                            D  BootAnimationPreloadTiming start time: 766760ms
2023-07-06 15:08:37.333 27995-27995 BootAnimation           pid-27995                            D  /product/media/bootanimation-dark.zip is loaded successfully
2023-07-06 15:08:37.333   425-425   vold                    vold                                 D  Aborting fuse connection entry /sys/fs/fuse/connections/132/abort
2023-07-06 15:08:37.333   425-425   vold                    vold                                 W  Skip fsync /sys/fs/fuse/connections/132/abort on a file system does not support synchronization: Invalid argument
2023-07-06 15:08:37.334 22177-22177 wpa_supplicant          wpa_supplicant                       I  p2p-dev-wlan0: CTRL-EVENT-DSCP-POLICY clear_all
2023-07-06 15:08:37.334   830-830   qorvo.uwb.uwbmac        android.hardware.qorvo.uwb.service   I  ack_handler
2023-07-06 15:08:37.334   830-830   qorvo.uwb.uwbmac        android.hardware.qorvo.uwb.service   I  ack_handler
2023-07-06 15:08:37.334   830-830   qorvo.uwb.hal.UwbChip   android.hardware.qorvo.uwb.service   I  onResetDone: Closed as requested, send HAL CLOSE event
2023-07-06 15:08:37.334   830-830   qorvo.uwb.hal.UwbChip   android.hardware.qorvo.uwb.service   E  onResetDone: Failed to send HAL CLOSE event
2023-07-06 15:08:37.334   830-830   qorvo.uwb.hal.UwbChip   android.hardware.qorvo.uwb.service   I  close: Exit
2023-07-06 15:08:37.334   830-830   android.ha...wb.service android.hardware.qorvo.uwb.service   E  unlinkToDeath: removed reference to death recipient but unlink failed.
2023-07-06 15:08:37.334   934-938   WPKTRT                  wfc-pkt-router                       I  process_link_down_or_deleted: wpan0 is deactivated
2023-07-06 15:08:37.334 27995-27995 BootAnimation           pid-27995                            D  BootAnimationPreloadStopTiming start time: 766762ms
2023-07-06 15:08:37.335   471-14806 display                 and...e.composer.hwc3-service.pixel  D  getColorModes: size(3)
2023-07-06 15:08:37.335   471-14806 display                 and...e.composer.hwc3-service.pixel  D  getColorModes: size(3)
2023-07-06 15:08:37.335   471-14806 display                 and...e.composer.hwc3-service.pixel  D  	mode[0] 0
2023-07-06 15:08:37.335   471-14806 display                 and...e.composer.hwc3-service.pixel  D  	mode[1] 7
2023-07-06 15:08:37.335   471-14806 display                 and...e.composer.hwc3-service.pixel  D  	mode[2] 9
2023-07-06 15:08:37.335   471-612   display                 and...e.composer.hwc3-service.pixel  D  lookupDisplayConfigs: found display config for mode: 1080x2340@120=37
2023-07-06 15:08:37.338 22177-22177 wpa_supplicant          wpa_supplicant                       I  p2p-dev-wlan0: CTRL-EVENT-DSCP-POLICY clear_all
2023-07-06 15:08:37.338 22177-22177 wpa_supplicant          wpa_supplicant                       I  nl80211: deinit ifname=p2p-dev-wlan0 disabled_11b_rates=0
2023-07-06 15:08:37.347 27995-28004 libEGL                  pid-27995                            D  loaded /vendor/lib64/egl/libGLES_mali.so
2023-07-06 15:08:37.359 22177-22177 wpa_supplicant          wpa_supplicant                       I  p2p-dev-wlan0: CTRL-EVENT-TERMINATING 
2023-07-06 15:08:37.359 22177-22177 wpa_supplicant          wpa_supplicant                       I  wlan0: Do not deauthenticate as part of interface deinit since WoWLAN is enabled
2023-07-06 15:08:37.360 22177-22177 wpa_supplicant          wpa_supplicant                       I  wlan0: PMKSA-CACHE-REMOVED e6:ae:6c:98:ca:49 0
2023-07-06 15:08:37.387 27995-28004 BootAnimation           pid-27995                            I  Loaded dynamic color: persist.bootanim.color1 -> -1581313
2023-07-06 15:08:37.387 27995-28004 BootAnimation           pid-27995                            I  Loaded dynamic color: persist.bootanim.color2 -> -9129001
2023-07-06 15:08:37.387 27995-28004 BootAnimation           pid-27995                            I  Loaded dynamic color: persist.bootanim.color3 -> -10061435
2023-07-06 15:08:37.387 27995-28004 BootAnimation           pid-27995                            I  Loaded dynamic color: persist.bootanim.color4 -> -3872769
2023-07-06 15:08:37.387 27995-28004 BootAnimation           pid-27995                            I  Dynamically coloring boot animation. Sysprops loaded? 1
2023-07-06 15:08:37.388 27995-28004 BootAnimation           pid-27995                            D  BootAnimationShownTiming start time: 766815ms
2023-07-06 15:08:37.388 27995-28004 BootAnimation           pid-27995                            D  Playing files = /product/media/bootanimation-dark.zip/part0, Requested repeat = 1, playUntilComplete = true
2023-07-06 15:08:37.391   403-403   hwservicemanager        hwservicemanager                     I  getTransport: Cannot find entry android.hardware.graphics.allocator@4.0::IAllocator/default in either framework or device VINTF manifest.
2023-07-06 15:08:37.391   402-402   servicemanager          servicemanager                       I  Found android.hardware.graphics.allocator.IAllocator/default in device VINTF manifest.
2023-07-06 15:08:37.416 21690-23044 AudioSystem             mediaserver                          W  AudioFlinger server died!
2023-07-06 15:08:37.416 21690-21690 AudioSystem             mediaserver                          W  AudioPolicyService server died!
2023-07-06 15:08:37.416 21693-21693 audio_hw_output_stream  android.hardware.audio.service       D  adev_close_output_stream  handle 13 
2023-07-06 15:08:37.416 21693-21701 audio_hw_output_stream  android.hardware.audio.service       D  adev_close_output_stream  handle 45 
2023-07-06 15:08:37.416 21693-21701 audio_hw_output_stream  android.hardware.audio.service       D  adev_close_output_stream  handle 69 
2023-07-06 15:08:37.416 21693-21701 audio_hw_output_stream  android.hardware.audio.service       D  adev_close_output_stream  handle 61 
2023-07-06 15:08:37.416 21693-21701 audio_hw_output_stream  android.hardware.audio.service       D  adev_close_output_stream  handle 77 
2023-07-06 15:08:37.417 21693-28017 r_submix                android.hardware.audio.service       I  adev_close()
2023-07-06 15:08:37.417 21693-21693 audio_hw_output_stream  android.hardware.audio.service       D  adev_close_output_stream  handle 21 
2023-07-06 15:08:37.417 21693-21693 audio_hw_output_stream  android.hardware.audio.service       D  adev_close_output_stream  handle 37 
2023-07-06 15:08:37.417 21693-21693 audio_hw                android.hardware.audio.service       D  adev_close 0x0xb400006f5206ad00 0x0xb400006f5206ad00
2023-07-06 15:08:37.424 22177-22177 wpa_supplicant          wpa_supplicant                       I  wlan0: CTRL-EVENT-DISCONNECTED bssid=e6:ae:6c:98:ca:49 reason=1 locally_generated=1
2023-07-06 15:08:37.424 22177-22177 wpa_supplicant          wpa_supplicant                       E  Failed to invoke AIDL iface callback
2023-07-06 15:08:37.432   402-402   servicemanager          servicemanager                       I  Found android.hardware.health.IHealth/default in device VINTF manifest.
2023-07-06 15:08:37.434  1460-1460  pixel-thermal           and...are.thermal@2.0-service.pixel  I  a callback has been unregistered to ThermalHAL, isFilter: 1 Type: SKIN
2023-07-06 15:08:37.434  1460-1460  pixel-thermal           and...are.thermal@2.0-service.pixel  I  a callback has been unregistered to ThermalHAL, isFilter: 1 Type: BCL_VOLTAGE
2023-07-06 15:08:37.434 21693-21730 audio_hw_35l41          android.hardware.audio.service       W  cs35l41_monitor_thread: ret: 0, state: 4
2023-07-06 15:08:37.435 21693-21693 audio_hw_35l41          android.hardware.audio.service       D  cs35l41_release_controls_memory: free memory for name: CAL_SET_STATUS, index: 4
2023-07-06 15:08:37.435 21693-21693 audio_hw_35l41          android.hardware.audio.service       D  cs35l41_release_controls_memory: free memory for name: Main AMP Enable Switch, index: 5
2023-07-06 15:08:37.435 21693-21693 audio_hw_35l41          android.hardware.audio.service       D  cs35l41_release_controls_memory: free memory for name: DSP Booted, index: 6
2023-07-06 15:08:37.435 21693-21693 audio_hw_35l41          android.hardware.audio.service       D  cs35l41_release_controls_memory: free memory for name: PCM Source, index: 7
2023-07-06 15:08:37.435 21693-21693 audio_hw_35l41          android.hardware.audio.service       D  cs35l41_release_controls_memory: free memory for name: Hibernate Force Wake, index: 8
2023-07-06 15:08:37.435 21693-21693 audio_hw_35l41          android.hardware.audio.service       D  cs35l41_release_controls_memory: free memory for name: RTLOG_VARIABLE, index: 9
2023-07-06 15:08:37.435 21693-21693 audio_hw_35l41          android.hardware.audio.service       D  cs35l41_release_controls_memory: free memory for name: RTLOG_ENABLE, index: 10
2023-07-06 15:08:37.435 21693-21693 audio_hw_35l41          android.hardware.audio.service       D  cs35l41_release_controls_memory: free memory for name: RTLOG_COUNT, index: 11
2023-07-06 15:08:37.435 21693-21693 audio_hw_35l41          android.hardware.audio.service       D  cs35l41_release_controls_memory: free memory for name: RTLOG_STATE, index: 12
2023-07-06 15:08:37.435 21693-21693 audio_hw_35l41          android.hardware.audio.service       D  cs35l41_release_controls_memory: free memory for name: RTLOG_DATA, index: 13
2023-07-06 15:08:37.435 21693-21693 audio_hw_35l41          android.hardware.audio.service       D  cs35l41_release_controls_memory: free memory for name: BDLOG_MAX_TEMP, index: 14
2023-07-06 15:08:37.435 21693-21693 audio_hw_35l41          android.hardware.audio.service       D  cs35l41_release_controls_memory: free memory for name: BDLOG_MAX_EXC, index: 15
2023-07-06 15:08:37.435 21693-21693 audio_hw_35l41          android.hardware.audio.service       D  cs35l41_release_controls_memory: free memory for name: BDLOG_OVER_TEMP_COUNT, index: 16
2023-07-06 15:08:37.435 21693-21693 audio_hw_35l41          android.hardware.audio.service       D  cs35l41_release_controls_memory: free memory for name: BDLOG_OVER_EXC_COUNT, index: 17
2023-07-06 15:08:37.435 21693-21693 audio_hw_35l41          android.hardware.audio.service       D  cs35l41_release_controls_memory: free memory for name: BDLOG_ABNORMAL_MUTE, index: 18
2023-07-06 15:08:37.435 21693-21693 audio_hw_35l41          android.hardware.audio.service       D  cs35l41_release_controls_memory: free memory for name: HALO_HEARTBEAT, index: 19
2023-07-06 15:08:37.435 21693-21693 audio_hw_35l41          android.hardware.audio.service       D  cs35l41_release_controls_memory: free memory for name: CSPL_STATE, index: 20
2023-07-06 15:08:37.435 21693-21693 audio_hw_35l41          android.hardware.audio.service       D  cs35l41_release_controls_memory: free memory for name: CSPL_ERRORNO, index: 21
2023-07-06 15:08:37.435 21693-21693 audio_hw_35l41          android.hardware.audio.service       D  cs35l41_release_controls_memory: free memory for name: CSPL_COMMAND, index: 22
2023-07-06 15:08:37.435 21693-21693 audio_hw_35l41          android.hardware.audio.service       D  cs35l41_amp_release_resources: release resources completed
2023-07-06 15:08:37.435 21693-21693 audio_hw_acoustic_shock android.hardware.audio.service       D  ~AcousticShock
2023-07-06 15:08:37.446 21693-21693 FVSAM_LOG               android.hardware.audio.service       D  Put Handle
2023-07-06 15:08:37.448 21693-21693 OE::audio_...oad_effect android.hardware.audio.service       I  Deinitialize offload effects wrapper module
2023-07-06 15:08:37.448 21693-21693 OE::audio_...oad_effect android.hardware.audio.service       I  DspController::setAudioDeviceAndResetHandleAndUsecase: reset all handles and set audio device as 0x0
2023-07-06 15:08:37.448 21693-21693 amcs_ext                android.hardware.audio.service       D  amcs_ext_deinit
2023-07-06 15:08:37.448 21693-21693 amcs_ext_file           android.hardware.audio.service       D  amcs_file_io_deinit
2023-07-06 15:08:37.448 21693-21693 amcs_ext_file           android.hardware.audio.service       D  close_file_resource
2023-07-06 15:08:37.450   975-1085  BufferPoolAccessor2.0   media.swcodec                        D  bufferpool2 0xb4000076a5f7e9a8 : 0(0 size) total buffers - 0(0 size) used buffers - 65/69 (recycle/alloc) - 4/68 (fetch/transfer)
2023-07-06 15:08:37.450   975-1085  BufferPoolAccessor2.0   media.swcodec                        D  Destruction - bufferpool2 0xb4000076a5f7e9a8 cached: 0/0M, 0/0% in use; allocs: 69, 94% recycled; transfers: 68, 94% unfetched
2023-07-06 15:08:37.450 21693-21737 audio_hw_snd_restart    android.hardware.audio.service       D  aoc_state_monitor_thread: stop monitor thread.
2023-07-06 15:08:37.450 21693-21693 audio_hw_bt             android.hardware.audio.service       D  send_cmd_to_monitor_thread: sending command CMD_MONITOR_THREAD_EXIT (6) to monitor thread
2023-07-06 15:08:37.450 21693-21738 audio_hw_bt             android.hardware.audio.service       D  read_cmd_from_pipe: reading command CMD_MONITOR_THREAD_EXIT (6) from main thread.
2023-07-06 15:08:37.450 21693-21738 audio_hw_bt             android.hardware.audio.service       D  bt_monitor_thread: bt_monitor_thread Exit
2023-07-06 15:08:37.451 21693-21693 audio_hw_usb            android.hardware.audio.service       D  send_cmd_to_monitor_thread: sending command 4 to monitor thread.
2023-07-06 15:08:37.451 21693-21739 audio_hw_usb            android.hardware.audio.service       D  read_cmd_from_pipe: reading command 4 from main thread.
2023-07-06 15:08:37.451 21693-21739 audio_hw_usb            android.hardware.audio.service       D  usb_monitor_thread: usb_monitor_thread Exit
2023-07-06 15:08:37.452 21693-21693 audio_hw_t...l_throttle android.hardware.audio.service       W  Deinitialize: Failed to callback to client
